Archive member included because of file (symbol)

/usr/lib/gcc/avr/4.7.2/avr6/libgcc.a(_exit.o)
                              /usr/lib/gcc/avr/4.7.2/../../../avr/lib/avr6/crtm2560.o (exit)
/usr/lib/gcc/avr/4.7.2/avr6/libgcc.a(_copy_data.o)
                              main.o (__do_copy_data)
/usr/lib/gcc/avr/4.7.2/avr6/libgcc.a(_clear_bss.o)
                              main.o (__do_clear_bss)
/usr/lib/gcc/avr/4.7.2/../../../avr/lib/avr6/libc.a(strlen.o)
                              main.o (strlen)

Allocating common symbols
Common symbol       size              file

twst                0x1               main.o
uart0_rx_buffer     0xc8              main.o

Memory Configuration

Name             Origin             Length             Attributes
text             0x0000000000000000 0x0000000000100000 xr
data             0x0000000000800200 0x000000000000fe00 rw !x
eeprom           0x0000000000810000 0x0000000000010000 rw !x
fuse             0x0000000000820000 0x0000000000000400 rw !x
lock             0x0000000000830000 0x0000000000000400 rw !x
signature        0x0000000000840000 0x0000000000000400 rw !x
*default*        0x0000000000000000 0xffffffffffffffff

Linker script and memory map

Address of section .data set to 0x800200
LOAD /usr/lib/gcc/avr/4.7.2/../../../avr/lib/avr6/crtm2560.o
LOAD main.o
LOAD tas5717_twi.o
LOAD pcuartcmd.o
LOAD /usr/lib/gcc/avr/4.7.2/avr6/libgcc.a
LOAD /usr/lib/gcc/avr/4.7.2/../../../avr/lib/avr6/libc.a
LOAD /usr/lib/gcc/avr/4.7.2/avr6/libgcc.a

.hash
 *(.hash)

.dynsym
 *(.dynsym)

.dynstr
 *(.dynstr)

.gnu.version
 *(.gnu.version)

.gnu.version_d
 *(.gnu.version_d)

.gnu.version_r
 *(.gnu.version_r)

.rel.init
 *(.rel.init)

.rela.init
 *(.rela.init)

.rel.text
 *(.rel.text)
 *(.rel.text.*)
 *(.rel.gnu.linkonce.t*)

.rela.text
 *(.rela.text)
 *(.rela.text.*)
 *(.rela.gnu.linkonce.t*)

.rel.fini
 *(.rel.fini)

.rela.fini
 *(.rela.fini)

.rel.rodata
 *(.rel.rodata)
 *(.rel.rodata.*)
 *(.rel.gnu.linkonce.r*)

.rela.rodata
 *(.rela.rodata)
 *(.rela.rodata.*)
 *(.rela.gnu.linkonce.r*)

.rel.data
 *(.rel.data)
 *(.rel.data.*)
 *(.rel.gnu.linkonce.d*)

.rela.data
 *(.rela.data)
 *(.rela.data.*)
 *(.rela.gnu.linkonce.d*)

.rel.ctors
 *(.rel.ctors)

.rela.ctors
 *(.rela.ctors)

.rel.dtors
 *(.rel.dtors)

.rela.dtors
 *(.rela.dtors)

.rel.got
 *(.rel.got)

.rela.got
 *(.rela.got)

.rel.bss
 *(.rel.bss)

.rela.bss
 *(.rela.bss)

.rel.plt
 *(.rel.plt)

.rela.plt
 *(.rela.plt)

.text           0x0000000000000000      0xc9a
 *(.vectors)
 .vectors       0x0000000000000000       0xe4 /usr/lib/gcc/avr/4.7.2/../../../avr/lib/avr6/crtm2560.o
                0x0000000000000000                __vectors
                0x0000000000000000                __vector_default
 *(.vectors)
 *(.progmem.gcc*)
 *(.progmem*)
                0x00000000000000e4                . = ALIGN (0x2)
                0x00000000000000e4                __trampolines_start = .
 *(.trampolines)
 .trampolines   0x00000000000000e4        0x0 linker stubs
 *(.trampolines*)
                0x00000000000000e4                __trampolines_end = .
 *(.jumptables)
 *(.jumptables*)
 *(.lowtext)
 *(.lowtext*)
                0x00000000000000e4                __ctors_start = .
 *(.ctors)
                0x00000000000000e4                __ctors_end = .
                0x00000000000000e4                __dtors_start = .
 *(.dtors)
                0x00000000000000e4                __dtors_end = .
 SORT(*)(.ctors)
 SORT(*)(.dtors)
 *(.init0)
 .init0         0x00000000000000e4        0x0 /usr/lib/gcc/avr/4.7.2/../../../avr/lib/avr6/crtm2560.o
                0x00000000000000e4                __init
 *(.init0)
 *(.init1)
 *(.init1)
 *(.init2)
 .init2         0x00000000000000e4       0x10 /usr/lib/gcc/avr/4.7.2/../../../avr/lib/avr6/crtm2560.o
 *(.init2)
 *(.init3)
 *(.init3)
 *(.init4)
 .init4         0x00000000000000f4       0x1a /usr/lib/gcc/avr/4.7.2/avr6/libgcc.a(_copy_data.o)
                0x00000000000000f4                __do_copy_data
 .init4         0x000000000000010e       0x10 /usr/lib/gcc/avr/4.7.2/avr6/libgcc.a(_clear_bss.o)
                0x000000000000010e                __do_clear_bss
 *(.init4)
 *(.init5)
 *(.init5)
 *(.init6)
 *(.init6)
 *(.init7)
 *(.init7)
 *(.init8)
 *(.init8)
 *(.init9)
 .init9         0x000000000000011e        0x8 /usr/lib/gcc/avr/4.7.2/../../../avr/lib/avr6/crtm2560.o
 *(.init9)
 *(.text)
 .text          0x0000000000000126        0x4 /usr/lib/gcc/avr/4.7.2/../../../avr/lib/avr6/crtm2560.o
                0x0000000000000126                __vector_38
                0x0000000000000126                __vector_22
                0x0000000000000126                __vector_28
                0x0000000000000126                __vector_1
                0x0000000000000126                __vector_32
                0x0000000000000126                __vector_34
                0x0000000000000126                __vector_24
                0x0000000000000126                __vector_12
                0x0000000000000126                __vector_55
                0x0000000000000126                __vector_46
                0x0000000000000126                __bad_interrupt
                0x0000000000000126                __vector_6
                0x0000000000000126                __vector_31
                0x0000000000000126                __vector_35
                0x0000000000000126                __vector_39
                0x0000000000000126                __vector_3
                0x0000000000000126                __vector_23
                0x0000000000000126                __vector_30
                0x0000000000000126                __vector_45
                0x0000000000000126                __vector_11
                0x0000000000000126                __vector_54
                0x0000000000000126                __vector_13
                0x0000000000000126                __vector_17
                0x0000000000000126                __vector_19
                0x0000000000000126                __vector_56
                0x0000000000000126                __vector_7
                0x0000000000000126                __vector_49
                0x0000000000000126                __vector_41
                0x0000000000000126                __vector_43
                0x0000000000000126                __vector_27
                0x0000000000000126                __vector_5
                0x0000000000000126                __vector_33
                0x0000000000000126                __vector_47
                0x0000000000000126                __vector_52
                0x0000000000000126                __vector_37
                0x0000000000000126                __vector_4
                0x0000000000000126                __vector_44
                0x0000000000000126                __vector_51
                0x0000000000000126                __vector_9
                0x0000000000000126                __vector_2
                0x0000000000000126                __vector_21
                0x0000000000000126                __vector_15
                0x0000000000000126                __vector_36
                0x0000000000000126                __vector_29
                0x0000000000000126                __vector_40
                0x0000000000000126                __vector_8
                0x0000000000000126                __vector_26
                0x0000000000000126                __vector_48
                0x0000000000000126                __vector_14
                0x0000000000000126                __vector_53
                0x0000000000000126                __vector_10
                0x0000000000000126                __vector_50
                0x0000000000000126                __vector_16
                0x0000000000000126                __vector_18
                0x0000000000000126                __vector_20
                0x0000000000000126                __vector_42
 .text          0x000000000000012a      0x2d0 main.o
                0x000000000000012a                ioinit
                0x000000000000019a                uart0_putchar
                0x00000000000001e8                uart0_putch
                0x000000000000021e                uart0_putstr
                0x000000000000026a                __vector_25
                0x0000000000000378                main
 .text          0x00000000000003fa      0x47c tas5717_twi.o
                0x00000000000003fa                TAS5717_write_bytes
                0x00000000000005da                TAS5717_read_bytes
 .text          0x0000000000000876      0x40e pcuartcmd.o
                0x0000000000000876                ascii2hex
                0x00000000000009a2                hex2ascii
                0x0000000000000a54                pcuartcmd_process
 .text          0x0000000000000c84        0x0 /usr/lib/gcc/avr/4.7.2/avr6/libgcc.a(_exit.o)
 .text          0x0000000000000c84        0x0 /usr/lib/gcc/avr/4.7.2/avr6/libgcc.a(_copy_data.o)
 .text          0x0000000000000c84        0x0 /usr/lib/gcc/avr/4.7.2/avr6/libgcc.a(_clear_bss.o)
 .text          0x0000000000000c84        0x0 /usr/lib/gcc/avr/4.7.2/../../../avr/lib/avr6/libc.a(strlen.o)
                0x0000000000000c84                . = ALIGN (0x2)
 *(.text.*)
 .text.libgcc.mul
                0x0000000000000c84        0x0 /usr/lib/gcc/avr/4.7.2/avr6/libgcc.a(_exit.o)
 .text.libgcc.div
                0x0000000000000c84        0x0 /usr/lib/gcc/avr/4.7.2/avr6/libgcc.a(_exit.o)
 .text.libgcc   0x0000000000000c84        0x0 /usr/lib/gcc/avr/4.7.2/avr6/libgcc.a(_exit.o)
 .text.libgcc.prologue
                0x0000000000000c84        0x0 /usr/lib/gcc/avr/4.7.2/avr6/libgcc.a(_exit.o)
 .text.libgcc.builtins
                0x0000000000000c84        0x0 /usr/lib/gcc/avr/4.7.2/avr6/libgcc.a(_exit.o)
 .text.libgcc.fmul
                0x0000000000000c84        0x0 /usr/lib/gcc/avr/4.7.2/avr6/libgcc.a(_exit.o)
 .text.libgcc.mul
                0x0000000000000c84        0x0 /usr/lib/gcc/avr/4.7.2/avr6/libgcc.a(_copy_data.o)
 .text.libgcc.div
                0x0000000000000c84        0x0 /usr/lib/gcc/avr/4.7.2/avr6/libgcc.a(_copy_data.o)
 .text.libgcc   0x0000000000000c84        0x0 /usr/lib/gcc/avr/4.7.2/avr6/libgcc.a(_copy_data.o)
 .text.libgcc.prologue
                0x0000000000000c84        0x0 /usr/lib/gcc/avr/4.7.2/avr6/libgcc.a(_copy_data.o)
 .text.libgcc.builtins
                0x0000000000000c84        0x0 /usr/lib/gcc/avr/4.7.2/avr6/libgcc.a(_copy_data.o)
 .text.libgcc.fmul
                0x0000000000000c84        0x0 /usr/lib/gcc/avr/4.7.2/avr6/libgcc.a(_copy_data.o)
 .text.libgcc.mul
                0x0000000000000c84        0x0 /usr/lib/gcc/avr/4.7.2/avr6/libgcc.a(_clear_bss.o)
 .text.libgcc.div
                0x0000000000000c84        0x0 /usr/lib/gcc/avr/4.7.2/avr6/libgcc.a(_clear_bss.o)
 .text.libgcc   0x0000000000000c84        0x0 /usr/lib/gcc/avr/4.7.2/avr6/libgcc.a(_clear_bss.o)
 .text.libgcc.prologue
                0x0000000000000c84        0x0 /usr/lib/gcc/avr/4.7.2/avr6/libgcc.a(_clear_bss.o)
 .text.libgcc.builtins
                0x0000000000000c84        0x0 /usr/lib/gcc/avr/4.7.2/avr6/libgcc.a(_clear_bss.o)
 .text.libgcc.fmul
                0x0000000000000c84        0x0 /usr/lib/gcc/avr/4.7.2/avr6/libgcc.a(_clear_bss.o)
 .text.avr-libc
                0x0000000000000c84       0x12 /usr/lib/gcc/avr/4.7.2/../../../avr/lib/avr6/libc.a(strlen.o)
                0x0000000000000c84                strlen
                0x0000000000000c96                . = ALIGN (0x2)
 *(.fini9)
 .fini9         0x0000000000000c96        0x0 /usr/lib/gcc/avr/4.7.2/avr6/libgcc.a(_exit.o)
                0x0000000000000c96                exit
                0x0000000000000c96                _exit
 *(.fini9)
 *(.fini8)
 *(.fini8)
 *(.fini7)
 *(.fini7)
 *(.fini6)
 *(.fini6)
 *(.fini5)
 *(.fini5)
 *(.fini4)
 *(.fini4)
 *(.fini3)
 *(.fini3)
 *(.fini2)
 *(.fini2)
 *(.fini1)
 *(.fini1)
 *(.fini0)
 .fini0         0x0000000000000c96        0x4 /usr/lib/gcc/avr/4.7.2/avr6/libgcc.a(_exit.o)
 *(.fini0)
                0x0000000000000c9a                _etext = .

.data           0x0000000000800200       0x38 load address 0x0000000000000c9a
                0x0000000000800200                PROVIDE (__data_start, .)
 *(.data)
 .data          0x0000000000800200        0x0 /usr/lib/gcc/avr/4.7.2/../../../avr/lib/avr6/crtm2560.o
 .data          0x0000000000800200        0xe main.o
                0x0000000000800200                mystdout
 .data          0x000000000080020e        0x0 tas5717_twi.o
 .data          0x000000000080020e        0x0 pcuartcmd.o
 .data          0x000000000080020e        0x0 /usr/lib/gcc/avr/4.7.2/avr6/libgcc.a(_exit.o)
 .data          0x000000000080020e        0x0 /usr/lib/gcc/avr/4.7.2/avr6/libgcc.a(_copy_data.o)
 .data          0x000000000080020e        0x0 /usr/lib/gcc/avr/4.7.2/avr6/libgcc.a(_clear_bss.o)
 .data          0x000000000080020e        0x0 /usr/lib/gcc/avr/4.7.2/../../../avr/lib/avr6/libc.a(strlen.o)
 *(.data*)
 *(.rodata)
 .rodata        0x000000000080020e        0x9 main.o
 .rodata        0x0000000000800217       0x20 pcuartcmd.o
 *(.rodata*)
 *(.gnu.linkonce.d*)
                0x0000000000800238                . = ALIGN (0x2)
 *fill*         0x0000000000800237        0x1 00
                0x0000000000800238                _edata = .
                0x0000000000800238                PROVIDE (__data_end, .)

.bss            0x0000000000800238       0xcd
                0x0000000000800238                PROVIDE (__bss_start, .)
 *(.bss)
 .bss           0x0000000000800238        0x0 /usr/lib/gcc/avr/4.7.2/../../../avr/lib/avr6/crtm2560.o
 .bss           0x0000000000800238        0x4 main.o
                0x0000000000800238                uart0_rx_buffer_index_x
                0x0000000000800239                uart0_rx_buffer_index_y
                0x000000000080023a                uart0_rx_buffer_index_x_pre
                0x000000000080023b                udr0_data
 .bss           0x000000000080023c        0x0 tas5717_twi.o
 .bss           0x000000000080023c        0x0 pcuartcmd.o
 .bss           0x000000000080023c        0x0 /usr/lib/gcc/avr/4.7.2/avr6/libgcc.a(_exit.o)
 .bss           0x000000000080023c        0x0 /usr/lib/gcc/avr/4.7.2/avr6/libgcc.a(_copy_data.o)
 .bss           0x000000000080023c        0x0 /usr/lib/gcc/avr/4.7.2/avr6/libgcc.a(_clear_bss.o)
 .bss           0x000000000080023c        0x0 /usr/lib/gcc/avr/4.7.2/../../../avr/lib/avr6/libc.a(strlen.o)
 *(.bss*)
 *(COMMON)
 COMMON         0x000000000080023c       0xc9 main.o
                0x000000000080023c                twst
                0x000000000080023d                uart0_rx_buffer
                0x0000000000800305                PROVIDE (__bss_end, .)
                0x0000000000000c9a                __data_load_start = LOADADDR (.data)
                0x0000000000000cd2                __data_load_end = (__data_load_start + SIZEOF (.data))

.noinit         0x0000000000800305        0x0
                0x0000000000800305                PROVIDE (__noinit_start, .)
 *(.noinit*)
                0x0000000000800305                PROVIDE (__noinit_end, .)
                0x0000000000800305                _end = .
                0x0000000000800305                PROVIDE (__heap_start, .)

.eeprom         0x0000000000810000        0x0
 *(.eeprom*)
                0x0000000000810000                __eeprom_end = .

.fuse
 *(.fuse)
 *(.lfuse)
 *(.hfuse)
 *(.efuse)

.lock
 *(.lock*)

.signature
 *(.signature*)

.stab           0x0000000000000000     0x1de8
 *(.stab)
 .stab          0x0000000000000000      0x6e4 /usr/lib/gcc/avr/4.7.2/../../../avr/lib/avr6/crtm2560.o
 .stab          0x00000000000006e4      0x858 main.o
                                        0x864 (size before relaxing)
 .stab          0x0000000000000f3c      0x7ec tas5717_twi.o
                                        0x9a8 (size before relaxing)
 .stab          0x0000000000001728      0x63c pcuartcmd.o
                                        0x7d4 (size before relaxing)
 .stab          0x0000000000001d64       0x84 /usr/lib/gcc/avr/4.7.2/../../../avr/lib/avr6/libc.a(strlen.o)
                                         0x90 (size before relaxing)

.stabstr        0x0000000000000000      0xe2a
 *(.stabstr)
 .stabstr       0x0000000000000000      0xe2a /usr/lib/gcc/avr/4.7.2/../../../avr/lib/avr6/crtm2560.o

.stab.excl
 *(.stab.excl)

.stab.exclstr
 *(.stab.exclstr)

.stab.index
 *(.stab.index)

.stab.indexstr
 *(.stab.indexstr)

.comment        0x0000000000000000       0x11
 *(.comment)
 .comment       0x0000000000000000       0x11 main.o
                                         0x12 (size before relaxing)
 .comment       0x0000000000000000       0x12 tas5717_twi.o
 .comment       0x0000000000000000       0x12 pcuartcmd.o

.debug
 *(.debug)

.line
 *(.line)

.debug_srcinfo
 *(.debug_srcinfo)

.debug_sfnames
 *(.debug_sfnames)

.debug_aranges
 *(.debug_aranges)

.debug_pubnames
 *(.debug_pubnames)

.debug_info
 *(.debug_info)
 *(.gnu.linkonce.wi.*)

.debug_abbrev
 *(.debug_abbrev)

.debug_line
 *(.debug_line)

.debug_frame
 *(.debug_frame)

.debug_str
 *(.debug_str)

.debug_loc
 *(.debug_loc)

.debug_macinfo
 *(.debug_macinfo)
OUTPUT(ardiuno_tool.elf elf32-avr)
LOAD linker stubs
